APOLLO DATABASE LST FILE       
METEO_DATA                     
  DATE               19910615
  BEGIN_(HOURS)             0
  END_(HOURS)              11
  X-ORIGIN   163686.8
  Y-ORIGIN  1581592.4
  X-SPACE      1000.0
  Y-SPACE      1000.0
  NX              129
  NY              138
  NZ                6
  Z-LAYERS   100.  5000.  1000.  5000.  7500. 40000.
RECORD_DESCRIPTION
rec     1 From_time      0 To_time  39600 At_height   100. TOPOGRAPHY
rec     2 From_time      0 To_time   3600 At_height   100. VELOCITY-X
rec     3 From_time      0 To_time   3600 At_height  5000. VELOCITY-X
rec     4 From_time      0 To_time   3600 At_height  1000. VELOCITY-X
rec     5 From_time      0 To_time   3600 At_height  5000. VELOCITY-X
rec     6 From_time      0 To_time   3600 At_height  7500. VELOCITY-X
rec     7 From_time      0 To_time   3600 At_height 40000. VELOCITY-X
rec     8 From_time      0 To_time   3600 At_height   100. VELOCITY-Y
rec     9 From_time      0 To_time   3600 At_height  5000. VELOCITY-Y
rec    10 From_time      0 To_time   3600 At_height  1000. VELOCITY-Y
rec    11 From_time      0 To_time   3600 At_height  5000. VELOCITY-Y
rec    12 From_time      0 To_time   3600 At_height  7500. VELOCITY-Y
rec    13 From_time      0 To_time   3600 At_height 40000. VELOCITY-Y
rec    14 From_time      0 To_time   3600 At_height   100. VELOCITY-Z
rec    15 From_time      0 To_time   3600 At_height  5000. VELOCITY-Z
rec    16 From_time      0 To_time   3600 At_height  1000. VELOCITY-Z
rec    17 From_time      0 To_time   3600 At_height  5000. VELOCITY-Z
rec    18 From_time      0 To_time   3600 At_height  7500. VELOCITY-Z
rec    19 From_time      0 To_time   3600 At_height 40000. VELOCITY-Z
rec    20 From_time      0 To_time   3600 At_height   100. TEMPERATURE
rec    21 From_time      0 To_time   3600 At_height  5000. TEMPERATURE
rec    22 From_time      0 To_time   3600 At_height  1000. TEMPERATURE
rec    23 From_time      0 To_time   3600 At_height  5000. TEMPERATURE
rec    24 From_time      0 To_time   3600 At_height  7500. TEMPERATURE
rec    25 From_time      0 To_time   3600 At_height 40000. TEMPERATURE
rec    26 From_time      0 To_time   3600 At_height   100. CONVECTIVE-VELOCITY-SCALE
rec    27 From_time      0 To_time   3600 At_height   100. MIXING-HEIGHT
rec    28 From_time      0 To_time   3600 At_height   100. MONIN-OBUKHOV-LENGTH
rec    29 From_time   3600 To_time   7200 At_height   100. VELOCITY-X
rec    30 From_time   3600 To_time   7200 At_height  5000. VELOCITY-X
rec    31 From_time   3600 To_time   7200 At_height  1000. VELOCITY-X
rec    32 From_time   3600 To_time   7200 At_height  5000. VELOCITY-X
rec    33 From_time   3600 To_time   7200 At_height  7500. VELOCITY-X
rec    34 From_time   3600 To_time   7200 At_height 40000. VELOCITY-X
rec    35 From_time   3600 To_time   7200 At_height   100. VELOCITY-Y
rec    36 From_time   3600 To_time   7200 At_height  5000. VELOCITY-Y
rec    37 From_time   3600 To_time   7200 At_height  1000. VELOCITY-Y
rec    38 From_time   3600 To_time   7200 At_height  5000. VELOCITY-Y
rec    39 From_time   3600 To_time   7200 At_height  7500. VELOCITY-Y
rec    40 From_time   3600 To_time   7200 At_height 40000. VELOCITY-Y
rec    41 From_time   3600 To_time   7200 At_height   100. VELOCITY-Z
rec    42 From_time   3600 To_time   7200 At_height  5000. VELOCITY-Z
rec    43 From_time   3600 To_time   7200 At_height  1000. VELOCITY-Z
rec    44 From_time   3600 To_time   7200 At_height  5000. VELOCITY-Z
rec    45 From_time   3600 To_time   7200 At_height  7500. VELOCITY-Z
rec    46 From_time   3600 To_time   7200 At_height 40000. VELOCITY-Z
rec    47 From_time   3600 To_time   7200 At_height   100. TEMPERATURE
rec    48 From_time   3600 To_time   7200 At_height  5000. TEMPERATURE
rec    49 From_time   3600 To_time   7200 At_height  1000. TEMPERATURE
rec    50 From_time   3600 To_time   7200 At_height  5000. TEMPERATURE
rec    51 From_time   3600 To_time   7200 At_height  7500. TEMPERATURE
rec    52 From_time   3600 To_time   7200 At_height 40000. TEMPERATURE
rec    53 From_time   3600 To_time   7200 At_height   100. CONVECTIVE-VELOCITY-SCALE
rec    54 From_time   3600 To_time   7200 At_height   100. MIXING-HEIGHT
rec    55 From_time   3600 To_time   7200 At_height   100. MONIN-OBUKHOV-LENGTH
rec    56 From_time   7200 To_time  10800 At_height   100. VELOCITY-X
rec    57 From_time   7200 To_time  10800 At_height  5000. VELOCITY-X
rec    58 From_time   7200 To_time  10800 At_height  1000. VELOCITY-X
rec    59 From_time   7200 To_time  10800 At_height  5000. VELOCITY-X
rec    60 From_time   7200 To_time  10800 At_height  7500. VELOCITY-X
rec    61 From_time   7200 To_time  10800 At_height 40000. VELOCITY-X
rec    62 From_time   7200 To_time  10800 At_height   100. VELOCITY-Y
rec    63 From_time   7200 To_time  10800 At_height  5000. VELOCITY-Y
rec    64 From_time   7200 To_time  10800 At_height  1000. VELOCITY-Y
rec    65 From_time   7200 To_time  10800 At_height  5000. VELOCITY-Y
rec    66 From_time   7200 To_time  10800 At_height  7500. VELOCITY-Y
rec    67 From_time   7200 To_time  10800 At_height 40000. VELOCITY-Y
rec    68 From_time   7200 To_time  10800 At_height   100. VELOCITY-Z
rec    69 From_time   7200 To_time  10800 At_height  5000. VELOCITY-Z
rec    70 From_time   7200 To_time  10800 At_height  1000. VELOCITY-Z
rec    71 From_time   7200 To_time  10800 At_height  5000. VELOCITY-Z
rec    72 From_time   7200 To_time  10800 At_height  7500. VELOCITY-Z
rec    73 From_time   7200 To_time  10800 At_height 40000. VELOCITY-Z
rec    74 From_time   7200 To_time  10800 At_height   100. TEMPERATURE
rec    75 From_time   7200 To_time  10800 At_height  5000. TEMPERATURE
rec    76 From_time   7200 To_time  10800 At_height  1000. TEMPERATURE
rec    77 From_time   7200 To_time  10800 At_height  5000. TEMPERATURE
rec    78 From_time   7200 To_time  10800 At_height  7500. TEMPERATURE
rec    79 From_time   7200 To_time  10800 At_height 40000. TEMPERATURE
rec    80 From_time   7200 To_time  10800 At_height   100. CONVECTIVE-VELOCITY-SCALE
rec    81 From_time   7200 To_time  10800 At_height   100. MIXING-HEIGHT
rec    82 From_time   7200 To_time  10800 At_height   100. MONIN-OBUKHOV-LENGTH
rec    83 From_time  10800 To_time  14400 At_height   100. VELOCITY-X
rec    84 From_time  10800 To_time  14400 At_height  5000. VELOCITY-X
rec    85 From_time  10800 To_time  14400 At_height  1000. VELOCITY-X
rec    86 From_time  10800 To_time  14400 At_height  5000. VELOCITY-X
rec    87 From_time  10800 To_time  14400 At_height  7500. VELOCITY-X
rec    88 From_time  10800 To_time  14400 At_height 40000. VELOCITY-X
rec    89 From_time  10800 To_time  14400 At_height   100. VELOCITY-Y
rec    90 From_time  10800 To_time  14400 At_height  5000. VELOCITY-Y
rec    91 From_time  10800 To_time  14400 At_height  1000. VELOCITY-Y
rec    92 From_time  10800 To_time  14400 At_height  5000. VELOCITY-Y
rec    93 From_time  10800 To_time  14400 At_height  7500. VELOCITY-Y
rec    94 From_time  10800 To_time  14400 At_height 40000. VELOCITY-Y
rec    95 From_time  10800 To_time  14400 At_height   100. VELOCITY-Z
rec    96 From_time  10800 To_time  14400 At_height  5000. VELOCITY-Z
rec    97 From_time  10800 To_time  14400 At_height  1000. VELOCITY-Z
rec    98 From_time  10800 To_time  14400 At_height  5000. VELOCITY-Z
rec    99 From_time  10800 To_time  14400 At_height  7500. VELOCITY-Z
rec   100 From_time  10800 To_time  14400 At_height 40000. VELOCITY-Z
rec   101 From_time  10800 To_time  14400 At_height   100. TEMPERATURE
rec   102 From_time  10800 To_time  14400 At_height  5000. TEMPERATURE
rec   103 From_time  10800 To_time  14400 At_height  1000. TEMPERATURE
rec   104 From_time  10800 To_time  14400 At_height  5000. TEMPERATURE
rec   105 From_time  10800 To_time  14400 At_height  7500. TEMPERATURE
rec   106 From_time  10800 To_time  14400 At_height 40000. TEMPERATURE
rec   107 From_time  10800 To_time  14400 At_height   100. CONVECTIVE-VELOCITY-SCALE
rec   108 From_time  10800 To_time  14400 At_height   100. MIXING-HEIGHT
rec   109 From_time  10800 To_time  14400 At_height   100. MONIN-OBUKHOV-LENGTH
rec   110 From_time  14400 To_time  18000 At_height   100. VELOCITY-X
rec   111 From_time  14400 To_time  18000 At_height  5000. VELOCITY-X
rec   112 From_time  14400 To_time  18000 At_height  1000. VELOCITY-X
rec   113 From_time  14400 To_time  18000 At_height  5000. VELOCITY-X
rec   114 From_time  14400 To_time  18000 At_height  7500. VELOCITY-X
rec   115 From_time  14400 To_time  18000 At_height 40000. VELOCITY-X
rec   116 From_time  14400 To_time  18000 At_height   100. VELOCITY-Y
rec   117 From_time  14400 To_time  18000 At_height  5000. VELOCITY-Y
rec   118 From_time  14400 To_time  18000 At_height  1000. VELOCITY-Y
rec   119 From_time  14400 To_time  18000 At_height  5000. VELOCITY-Y
rec   120 From_time  14400 To_time  18000 At_height  7500. VELOCITY-Y
rec   121 From_time  14400 To_time  18000 At_height 40000. VELOCITY-Y
rec   122 From_time  14400 To_time  18000 At_height   100. VELOCITY-Z
rec   123 From_time  14400 To_time  18000 At_height  5000. VELOCITY-Z
rec   124 From_time  14400 To_time  18000 At_height  1000. VELOCITY-Z
rec   125 From_time  14400 To_time  18000 At_height  5000. VELOCITY-Z
rec   126 From_time  14400 To_time  18000 At_height  7500. VELOCITY-Z
rec   127 From_time  14400 To_time  18000 At_height 40000. VELOCITY-Z
rec   128 From_time  14400 To_time  18000 At_height   100. TEMPERATURE
rec   129 From_time  14400 To_time  18000 At_height  5000. TEMPERATURE
rec   130 From_time  14400 To_time  18000 At_height  1000. TEMPERATURE
rec   131 From_time  14400 To_time  18000 At_height  5000. TEMPERATURE
rec   132 From_time  14400 To_time  18000 At_height  7500. TEMPERATURE
rec   133 From_time  14400 To_time  18000 At_height 40000. TEMPERATURE
rec   134 From_time  14400 To_time  18000 At_height   100. CONVECTIVE-VELOCITY-SCALE
rec   135 From_time  14400 To_time  18000 At_height   100. MIXING-HEIGHT
rec   136 From_time  14400 To_time  18000 At_height   100. MONIN-OBUKHOV-LENGTH
rec   137 From_time  18000 To_time  21600 At_height   100. VELOCITY-X
rec   138 From_time  18000 To_time  21600 At_height  5000. VELOCITY-X
rec   139 From_time  18000 To_time  21600 At_height  1000. VELOCITY-X
rec   140 From_time  18000 To_time  21600 At_height  5000. VELOCITY-X
rec   141 From_time  18000 To_time  21600 At_height  7500. VELOCITY-X
rec   142 From_time  18000 To_time  21600 At_height 40000. VELOCITY-X
rec   143 From_time  18000 To_time  21600 At_height   100. VELOCITY-Y
rec   144 From_time  18000 To_time  21600 At_height  5000. VELOCITY-Y
rec   145 From_time  18000 To_time  21600 At_height  1000. VELOCITY-Y
rec   146 From_time  18000 To_time  21600 At_height  5000. VELOCITY-Y
rec   147 From_time  18000 To_time  21600 At_height  7500. VELOCITY-Y
rec   148 From_time  18000 To_time  21600 At_height 40000. VELOCITY-Y
rec   149 From_time  18000 To_time  21600 At_height   100. VELOCITY-Z
rec   150 From_time  18000 To_time  21600 At_height  5000. VELOCITY-Z
rec   151 From_time  18000 To_time  21600 At_height  1000. VELOCITY-Z
rec   152 From_time  18000 To_time  21600 At_height  5000. VELOCITY-Z
rec   153 From_time  18000 To_time  21600 At_height  7500. VELOCITY-Z
rec   154 From_time  18000 To_time  21600 At_height 40000. VELOCITY-Z
rec   155 From_time  18000 To_time  21600 At_height   100. TEMPERATURE
rec   156 From_time  18000 To_time  21600 At_height  5000. TEMPERATURE
rec   157 From_time  18000 To_time  21600 At_height  1000. TEMPERATURE
rec   158 From_time  18000 To_time  21600 At_height  5000. TEMPERATURE
rec   159 From_time  18000 To_time  21600 At_height  7500. TEMPERATURE
rec   160 From_time  18000 To_time  21600 At_height 40000. TEMPERATURE
rec   161 From_time  18000 To_time  21600 At_height   100. CONVECTIVE-VELOCITY-SCALE
rec   162 From_time  18000 To_time  21600 At_height   100. MIXING-HEIGHT
rec   163 From_time  18000 To_time  21600 At_height   100. MONIN-OBUKHOV-LENGTH
rec   164 From_time  21600 To_time  25200 At_height   100. VELOCITY-X
rec   165 From_time  21600 To_time  25200 At_height  5000. VELOCITY-X
rec   166 From_time  21600 To_time  25200 At_height  1000. VELOCITY-X
rec   167 From_time  21600 To_time  25200 At_height  5000. VELOCITY-X
rec   168 From_time  21600 To_time  25200 At_height  7500. VELOCITY-X
rec   169 From_time  21600 To_time  25200 At_height 40000. VELOCITY-X
rec   170 From_time  21600 To_time  25200 At_height   100. VELOCITY-Y
rec   171 From_time  21600 To_time  25200 At_height  5000. VELOCITY-Y
rec   172 From_time  21600 To_time  25200 At_height  1000. VELOCITY-Y
rec   173 From_time  21600 To_time  25200 At_height  5000. VELOCITY-Y
rec   174 From_time  21600 To_time  25200 At_height  7500. VELOCITY-Y
rec   175 From_time  21600 To_time  25200 At_height 40000. VELOCITY-Y
rec   176 From_time  21600 To_time  25200 At_height   100. VELOCITY-Z
rec   177 From_time  21600 To_time  25200 At_height  5000. VELOCITY-Z
rec   178 From_time  21600 To_time  25200 At_height  1000. VELOCITY-Z
rec   179 From_time  21600 To_time  25200 At_height  5000. VELOCITY-Z
rec   180 From_time  21600 To_time  25200 At_height  7500. VELOCITY-Z
rec   181 From_time  21600 To_time  25200 At_height 40000. VELOCITY-Z
rec   182 From_time  21600 To_time  25200 At_height   100. TEMPERATURE
rec   183 From_time  21600 To_time  25200 At_height  5000. TEMPERATURE
rec   184 From_time  21600 To_time  25200 At_height  1000. TEMPERATURE
rec   185 From_time  21600 To_time  25200 At_height  5000. TEMPERATURE
rec   186 From_time  21600 To_time  25200 At_height  7500. TEMPERATURE
rec   187 From_time  21600 To_time  25200 At_height 40000. TEMPERATURE
rec   188 From_time  21600 To_time  25200 At_height   100. CONVECTIVE-VELOCITY-SCALE
rec   189 From_time  21600 To_time  25200 At_height   100. MIXING-HEIGHT
rec   190 From_time  21600 To_time  25200 At_height   100. MONIN-OBUKHOV-LENGTH
rec   191 From_time  25200 To_time  28800 At_height   100. VELOCITY-X
rec   192 From_time  25200 To_time  28800 At_height  5000. VELOCITY-X
rec   193 From_time  25200 To_time  28800 At_height  1000. VELOCITY-X
rec   194 From_time  25200 To_time  28800 At_height  5000. VELOCITY-X
rec   195 From_time  25200 To_time  28800 At_height  7500. VELOCITY-X
rec   196 From_time  25200 To_time  28800 At_height 40000. VELOCITY-X
rec   197 From_time  25200 To_time  28800 At_height   100. VELOCITY-Y
rec   198 From_time  25200 To_time  28800 At_height  5000. VELOCITY-Y
rec   199 From_time  25200 To_time  28800 At_height  1000. VELOCITY-Y
rec   200 From_time  25200 To_time  28800 At_height  5000. VELOCITY-Y
rec   201 From_time  25200 To_time  28800 At_height  7500. VELOCITY-Y
rec   202 From_time  25200 To_time  28800 At_height 40000. VELOCITY-Y
rec   203 From_time  25200 To_time  28800 At_height   100. VELOCITY-Z
rec   204 From_time  25200 To_time  28800 At_height  5000. VELOCITY-Z
rec   205 From_time  25200 To_time  28800 At_height  1000. VELOCITY-Z
rec   206 From_time  25200 To_time  28800 At_height  5000. VELOCITY-Z
rec   207 From_time  25200 To_time  28800 At_height  7500. VELOCITY-Z
rec   208 From_time  25200 To_time  28800 At_height 40000. VELOCITY-Z
rec   209 From_time  25200 To_time  28800 At_height   100. TEMPERATURE
rec   210 From_time  25200 To_time  28800 At_height  5000. TEMPERATURE
rec   211 From_time  25200 To_time  28800 At_height  1000. TEMPERATURE
rec   212 From_time  25200 To_time  28800 At_height  5000. TEMPERATURE
rec   213 From_time  25200 To_time  28800 At_height  7500. TEMPERATURE
rec   214 From_time  25200 To_time  28800 At_height 40000. TEMPERATURE
rec   215 From_time  25200 To_time  28800 At_height   100. CONVECTIVE-VELOCITY-SCALE
rec   216 From_time  25200 To_time  28800 At_height   100. MIXING-HEIGHT
rec   217 From_time  25200 To_time  28800 At_height   100. MONIN-OBUKHOV-LENGTH
rec   218 From_time  28800 To_time  32400 At_height   100. VELOCITY-X
rec   219 From_time  28800 To_time  32400 At_height  5000. VELOCITY-X
rec   220 From_time  28800 To_time  32400 At_height  1000. VELOCITY-X
rec   221 From_time  28800 To_time  32400 At_height  5000. VELOCITY-X
rec   222 From_time  28800 To_time  32400 At_height  7500. VELOCITY-X
rec   223 From_time  28800 To_time  32400 At_height 40000. VELOCITY-X
rec   224 From_time  28800 To_time  32400 At_height   100. VELOCITY-Y
rec   225 From_time  28800 To_time  32400 At_height  5000. VELOCITY-Y
rec   226 From_time  28800 To_time  32400 At_height  1000. VELOCITY-Y
rec   227 From_time  28800 To_time  32400 At_height  5000. VELOCITY-Y
rec   228 From_time  28800 To_time  32400 At_height  7500. VELOCITY-Y
rec   229 From_time  28800 To_time  32400 At_height 40000. VELOCITY-Y
rec   230 From_time  28800 To_time  32400 At_height   100. VELOCITY-Z
rec   231 From_time  28800 To_time  32400 At_height  5000. VELOCITY-Z
rec   232 From_time  28800 To_time  32400 At_height  1000. VELOCITY-Z
rec   233 From_time  28800 To_time  32400 At_height  5000. VELOCITY-Z
rec   234 From_time  28800 To_time  32400 At_height  7500. VELOCITY-Z
rec   235 From_time  28800 To_time  32400 At_height 40000. VELOCITY-Z
rec   236 From_time  28800 To_time  32400 At_height   100. TEMPERATURE
rec   237 From_time  28800 To_time  32400 At_height  5000. TEMPERATURE
rec   238 From_time  28800 To_time  32400 At_height  1000. TEMPERATURE
rec   239 From_time  28800 To_time  32400 At_height  5000. TEMPERATURE
rec   240 From_time  28800 To_time  32400 At_height  7500. TEMPERATURE
rec   241 From_time  28800 To_time  32400 At_height 40000. TEMPERATURE
rec   242 From_time  28800 To_time  32400 At_height   100. CONVECTIVE-VELOCITY-SCALE
rec   243 From_time  28800 To_time  32400 At_height   100. MIXING-HEIGHT
rec   244 From_time  28800 To_time  32400 At_height   100. MONIN-OBUKHOV-LENGTH
rec   245 From_time  32400 To_time  36000 At_height   100. VELOCITY-X
rec   246 From_time  32400 To_time  36000 At_height  5000. VELOCITY-X
rec   247 From_time  32400 To_time  36000 At_height  1000. VELOCITY-X
rec   248 From_time  32400 To_time  36000 At_height  5000. VELOCITY-X
rec   249 From_time  32400 To_time  36000 At_height  7500. VELOCITY-X
rec   250 From_time  32400 To_time  36000 At_height 40000. VELOCITY-X
rec   251 From_time  32400 To_time  36000 At_height   100. VELOCITY-Y
rec   252 From_time  32400 To_time  36000 At_height  5000. VELOCITY-Y
rec   253 From_time  32400 To_time  36000 At_height  1000. VELOCITY-Y
rec   254 From_time  32400 To_time  36000 At_height  5000. VELOCITY-Y
rec   255 From_time  32400 To_time  36000 At_height  7500. VELOCITY-Y
rec   256 From_time  32400 To_time  36000 At_height 40000. VELOCITY-Y
rec   257 From_time  32400 To_time  36000 At_height   100. VELOCITY-Z
rec   258 From_time  32400 To_time  36000 At_height  5000. VELOCITY-Z
rec   259 From_time  32400 To_time  36000 At_height  1000. VELOCITY-Z
rec   260 From_time  32400 To_time  36000 At_height  5000. VELOCITY-Z
rec   261 From_time  32400 To_time  36000 At_height  7500. VELOCITY-Z
rec   262 From_time  32400 To_time  36000 At_height 40000. VELOCITY-Z
rec   263 From_time  32400 To_time  36000 At_height   100. TEMPERATURE
rec   264 From_time  32400 To_time  36000 At_height  5000. TEMPERATURE
rec   265 From_time  32400 To_time  36000 At_height  1000. TEMPERATURE
rec   266 From_time  32400 To_time  36000 At_height  5000. TEMPERATURE
rec   267 From_time  32400 To_time  36000 At_height  7500. TEMPERATURE
rec   268 From_time  32400 To_time  36000 At_height 40000. TEMPERATURE
rec   269 From_time  32400 To_time  36000 At_height   100. CONVECTIVE-VELOCITY-SCALE
rec   270 From_time  32400 To_time  36000 At_height   100. MIXING-HEIGHT
rec   271 From_time  32400 To_time  36000 At_height   100. MONIN-OBUKHOV-LENGTH
rec   272 From_time  36000 To_time  39600 At_height   100. VELOCITY-X
rec   273 From_time  36000 To_time  39600 At_height  5000. VELOCITY-X
rec   274 From_time  36000 To_time  39600 At_height  1000. VELOCITY-X
rec   275 From_time  36000 To_time  39600 At_height  5000. VELOCITY-X
rec   276 From_time  36000 To_time  39600 At_height  7500. VELOCITY-X
rec   277 From_time  36000 To_time  39600 At_height 40000. VELOCITY-X
rec   278 From_time  36000 To_time  39600 At_height   100. VELOCITY-Y
rec   279 From_time  36000 To_time  39600 At_height  5000. VELOCITY-Y
rec   280 From_time  36000 To_time  39600 At_height  1000. VELOCITY-Y
rec   281 From_time  36000 To_time  39600 At_height  5000. VELOCITY-Y
rec   282 From_time  36000 To_time  39600 At_height  7500. VELOCITY-Y
rec   283 From_time  36000 To_time  39600 At_height 40000. VELOCITY-Y
rec   284 From_time  36000 To_time  39600 At_height   100. VELOCITY-Z
rec   285 From_time  36000 To_time  39600 At_height  5000. VELOCITY-Z
rec   286 From_time  36000 To_time  39600 At_height  1000. VELOCITY-Z
rec   287 From_time  36000 To_time  39600 At_height  5000. VELOCITY-Z
rec   288 From_time  36000 To_time  39600 At_height  7500. VELOCITY-Z
rec   289 From_time  36000 To_time  39600 At_height 40000. VELOCITY-Z
rec   290 From_time  36000 To_time  39600 At_height   100. TEMPERATURE
rec   291 From_time  36000 To_time  39600 At_height  5000. TEMPERATURE
rec   292 From_time  36000 To_time  39600 At_height  1000. TEMPERATURE
rec   293 From_time  36000 To_time  39600 At_height  5000. TEMPERATURE
rec   294 From_time  36000 To_time  39600 At_height  7500. TEMPERATURE
rec   295 From_time  36000 To_time  39600 At_height 40000. TEMPERATURE
rec   296 From_time  36000 To_time  39600 At_height   100. CONVECTIVE-VELOCITY-SCALE
rec   297 From_time  36000 To_time  39600 At_height   100. MIXING-HEIGHT
rec   298 From_time  36000 To_time  39600 At_height   100. MONIN-OBUKHOV-LENGTH
