APOLLO DATABASE LST FILE       
METEO_DATA                     
  DATE               19820517
  BEGIN_(HOURS)             0
  END_(HOURS)               5
  X-ORIGIN   121639.0
  Y-ORIGIN  9138292.4
  X-SPACE      1000.0
  Y-SPACE      1000.0
  NX              115
  NY              112
  NZ                7
  Z-LAYERS   100.   250.   500.  1000.  2500.  5000. 10000.
RECORD_DESCRIPTION
rec     1 From_time      0 To_time  18000 At_height   100. TOPOGRAPHY
rec     2 From_time      0 To_time   3600 At_height   100. VELOCITY-X
rec     3 From_time      0 To_time   3600 At_height   250. VELOCITY-X
rec     4 From_time      0 To_time   3600 At_height   500. VELOCITY-X
rec     5 From_time      0 To_time   3600 At_height  1000. VELOCITY-X
rec     6 From_time      0 To_time   3600 At_height  2500. VELOCITY-X
rec     7 From_time      0 To_time   3600 At_height  5000. VELOCITY-X
rec     8 From_time      0 To_time   3600 At_height 10000. VELOCITY-X
rec     9 From_time      0 To_time   3600 At_height   100. VELOCITY-Y
rec    10 From_time      0 To_time   3600 At_height   250. VELOCITY-Y
rec    11 From_time      0 To_time   3600 At_height   500. VELOCITY-Y
rec    12 From_time      0 To_time   3600 At_height  1000. VELOCITY-Y
rec    13 From_time      0 To_time   3600 At_height  2500. VELOCITY-Y
rec    14 From_time      0 To_time   3600 At_height  5000. VELOCITY-Y
rec    15 From_time      0 To_time   3600 At_height 10000. VELOCITY-Y
rec    16 From_time      0 To_time   3600 At_height   100. VELOCITY-Z
rec    17 From_time      0 To_time   3600 At_height   250. VELOCITY-Z
rec    18 From_time      0 To_time   3600 At_height   500. VELOCITY-Z
rec    19 From_time      0 To_time   3600 At_height  1000. VELOCITY-Z
rec    20 From_time      0 To_time   3600 At_height  2500. VELOCITY-Z
rec    21 From_time      0 To_time   3600 At_height  5000. VELOCITY-Z
rec    22 From_time      0 To_time   3600 At_height 10000. VELOCITY-Z
rec    23 From_time      0 To_time   3600 At_height   100. TEMPERATURE
rec    24 From_time      0 To_time   3600 At_height   250. TEMPERATURE
rec    25 From_time      0 To_time   3600 At_height   500. TEMPERATURE
rec    26 From_time      0 To_time   3600 At_height  1000. TEMPERATURE
rec    27 From_time      0 To_time   3600 At_height  2500. TEMPERATURE
rec    28 From_time      0 To_time   3600 At_height  5000. TEMPERATURE
rec    29 From_time      0 To_time   3600 At_height 10000. TEMPERATURE
rec    30 From_time      0 To_time   3600 At_height   100. CONVECTIVE-VELOCITY-SCALE
rec    31 From_time      0 To_time   3600 At_height   100. MIXING-HEIGHT
rec    32 From_time      0 To_time   3600 At_height   100. MONIN-OBUKHOV-LENGTH
rec    33 From_time   3600 To_time   7200 At_height   100. VELOCITY-X
rec    34 From_time   3600 To_time   7200 At_height   250. VELOCITY-X
rec    35 From_time   3600 To_time   7200 At_height   500. VELOCITY-X
rec    36 From_time   3600 To_time   7200 At_height  1000. VELOCITY-X
rec    37 From_time   3600 To_time   7200 At_height  2500. VELOCITY-X
rec    38 From_time   3600 To_time   7200 At_height  5000. VELOCITY-X
rec    39 From_time   3600 To_time   7200 At_height 10000. VELOCITY-X
rec    40 From_time   3600 To_time   7200 At_height   100. VELOCITY-Y
rec    41 From_time   3600 To_time   7200 At_height   250. VELOCITY-Y
rec    42 From_time   3600 To_time   7200 At_height   500. VELOCITY-Y
rec    43 From_time   3600 To_time   7200 At_height  1000. VELOCITY-Y
rec    44 From_time   3600 To_time   7200 At_height  2500. VELOCITY-Y
rec    45 From_time   3600 To_time   7200 At_height  5000. VELOCITY-Y
rec    46 From_time   3600 To_time   7200 At_height 10000. VELOCITY-Y
rec    47 From_time   3600 To_time   7200 At_height   100. VELOCITY-Z
rec    48 From_time   3600 To_time   7200 At_height   250. VELOCITY-Z
rec    49 From_time   3600 To_time   7200 At_height   500. VELOCITY-Z
rec    50 From_time   3600 To_time   7200 At_height  1000. VELOCITY-Z
rec    51 From_time   3600 To_time   7200 At_height  2500. VELOCITY-Z
rec    52 From_time   3600 To_time   7200 At_height  5000. VELOCITY-Z
rec    53 From_time   3600 To_time   7200 At_height 10000. VELOCITY-Z
rec    54 From_time   3600 To_time   7200 At_height   100. TEMPERATURE
rec    55 From_time   3600 To_time   7200 At_height   250. TEMPERATURE
rec    56 From_time   3600 To_time   7200 At_height   500. TEMPERATURE
rec    57 From_time   3600 To_time   7200 At_height  1000. TEMPERATURE
rec    58 From_time   3600 To_time   7200 At_height  2500. TEMPERATURE
rec    59 From_time   3600 To_time   7200 At_height  5000. TEMPERATURE
rec    60 From_time   3600 To_time   7200 At_height 10000. TEMPERATURE
rec    61 From_time   3600 To_time   7200 At_height   100. CONVECTIVE-VELOCITY-SCALE
rec    62 From_time   3600 To_time   7200 At_height   100. MIXING-HEIGHT
rec    63 From_time   3600 To_time   7200 At_height   100. MONIN-OBUKHOV-LENGTH
rec    64 From_time   7200 To_time  10800 At_height   100. VELOCITY-X
rec    65 From_time   7200 To_time  10800 At_height   250. VELOCITY-X
rec    66 From_time   7200 To_time  10800 At_height   500. VELOCITY-X
rec    67 From_time   7200 To_time  10800 At_height  1000. VELOCITY-X
rec    68 From_time   7200 To_time  10800 At_height  2500. VELOCITY-X
rec    69 From_time   7200 To_time  10800 At_height  5000. VELOCITY-X
rec    70 From_time   7200 To_time  10800 At_height 10000. VELOCITY-X
rec    71 From_time   7200 To_time  10800 At_height   100. VELOCITY-Y
rec    72 From_time   7200 To_time  10800 At_height   250. VELOCITY-Y
rec    73 From_time   7200 To_time  10800 At_height   500. VELOCITY-Y
rec    74 From_time   7200 To_time  10800 At_height  1000. VELOCITY-Y
rec    75 From_time   7200 To_time  10800 At_height  2500. VELOCITY-Y
rec    76 From_time   7200 To_time  10800 At_height  5000. VELOCITY-Y
rec    77 From_time   7200 To_time  10800 At_height 10000. VELOCITY-Y
rec    78 From_time   7200 To_time  10800 At_height   100. VELOCITY-Z
rec    79 From_time   7200 To_time  10800 At_height   250. VELOCITY-Z
rec    80 From_time   7200 To_time  10800 At_height   500. VELOCITY-Z
rec    81 From_time   7200 To_time  10800 At_height  1000. VELOCITY-Z
rec    82 From_time   7200 To_time  10800 At_height  2500. VELOCITY-Z
rec    83 From_time   7200 To_time  10800 At_height  5000. VELOCITY-Z
rec    84 From_time   7200 To_time  10800 At_height 10000. VELOCITY-Z
rec    85 From_time   7200 To_time  10800 At_height   100. TEMPERATURE
rec    86 From_time   7200 To_time  10800 At_height   250. TEMPERATURE
rec    87 From_time   7200 To_time  10800 At_height   500. TEMPERATURE
rec    88 From_time   7200 To_time  10800 At_height  1000. TEMPERATURE
rec    89 From_time   7200 To_time  10800 At_height  2500. TEMPERATURE
rec    90 From_time   7200 To_time  10800 At_height  5000. TEMPERATURE
rec    91 From_time   7200 To_time  10800 At_height 10000. TEMPERATURE
rec    92 From_time   7200 To_time  10800 At_height   100. CONVECTIVE-VELOCITY-SCALE
rec    93 From_time   7200 To_time  10800 At_height   100. MIXING-HEIGHT
rec    94 From_time   7200 To_time  10800 At_height   100. MONIN-OBUKHOV-LENGTH
rec    95 From_time  10800 To_time  14400 At_height   100. VELOCITY-X
rec    96 From_time  10800 To_time  14400 At_height   250. VELOCITY-X
rec    97 From_time  10800 To_time  14400 At_height   500. VELOCITY-X
rec    98 From_time  10800 To_time  14400 At_height  1000. VELOCITY-X
rec    99 From_time  10800 To_time  14400 At_height  2500. VELOCITY-X
rec   100 From_time  10800 To_time  14400 At_height  5000. VELOCITY-X
rec   101 From_time  10800 To_time  14400 At_height 10000. VELOCITY-X
rec   102 From_time  10800 To_time  14400 At_height   100. VELOCITY-Y
rec   103 From_time  10800 To_time  14400 At_height   250. VELOCITY-Y
rec   104 From_time  10800 To_time  14400 At_height   500. VELOCITY-Y
rec   105 From_time  10800 To_time  14400 At_height  1000. VELOCITY-Y
rec   106 From_time  10800 To_time  14400 At_height  2500. VELOCITY-Y
rec   107 From_time  10800 To_time  14400 At_height  5000. VELOCITY-Y
rec   108 From_time  10800 To_time  14400 At_height 10000. VELOCITY-Y
rec   109 From_time  10800 To_time  14400 At_height   100. VELOCITY-Z
rec   110 From_time  10800 To_time  14400 At_height   250. VELOCITY-Z
rec   111 From_time  10800 To_time  14400 At_height   500. VELOCITY-Z
rec   112 From_time  10800 To_time  14400 At_height  1000. VELOCITY-Z
rec   113 From_time  10800 To_time  14400 At_height  2500. VELOCITY-Z
rec   114 From_time  10800 To_time  14400 At_height  5000. VELOCITY-Z
rec   115 From_time  10800 To_time  14400 At_height 10000. VELOCITY-Z
rec   116 From_time  10800 To_time  14400 At_height   100. TEMPERATURE
rec   117 From_time  10800 To_time  14400 At_height   250. TEMPERATURE
rec   118 From_time  10800 To_time  14400 At_height   500. TEMPERATURE
rec   119 From_time  10800 To_time  14400 At_height  1000. TEMPERATURE
rec   120 From_time  10800 To_time  14400 At_height  2500. TEMPERATURE
rec   121 From_time  10800 To_time  14400 At_height  5000. TEMPERATURE
rec   122 From_time  10800 To_time  14400 At_height 10000. TEMPERATURE
rec   123 From_time  10800 To_time  14400 At_height   100. CONVECTIVE-VELOCITY-SCALE
rec   124 From_time  10800 To_time  14400 At_height   100. MIXING-HEIGHT
rec   125 From_time  10800 To_time  14400 At_height   100. MONIN-OBUKHOV-LENGTH
rec   126 From_time  14400 To_time  18000 At_height   100. VELOCITY-X
rec   127 From_time  14400 To_time  18000 At_height   250. VELOCITY-X
rec   128 From_time  14400 To_time  18000 At_height   500. VELOCITY-X
rec   129 From_time  14400 To_time  18000 At_height  1000. VELOCITY-X
rec   130 From_time  14400 To_time  18000 At_height  2500. VELOCITY-X
rec   131 From_time  14400 To_time  18000 At_height  5000. VELOCITY-X
rec   132 From_time  14400 To_time  18000 At_height 10000. VELOCITY-X
rec   133 From_time  14400 To_time  18000 At_height   100. VELOCITY-Y
rec   134 From_time  14400 To_time  18000 At_height   250. VELOCITY-Y
rec   135 From_time  14400 To_time  18000 At_height   500. VELOCITY-Y
rec   136 From_time  14400 To_time  18000 At_height  1000. VELOCITY-Y
rec   137 From_time  14400 To_time  18000 At_height  2500. VELOCITY-Y
rec   138 From_time  14400 To_time  18000 At_height  5000. VELOCITY-Y
rec   139 From_time  14400 To_time  18000 At_height 10000. VELOCITY-Y
rec   140 From_time  14400 To_time  18000 At_height   100. VELOCITY-Z
rec   141 From_time  14400 To_time  18000 At_height   250. VELOCITY-Z
rec   142 From_time  14400 To_time  18000 At_height   500. VELOCITY-Z
rec   143 From_time  14400 To_time  18000 At_height  1000. VELOCITY-Z
rec   144 From_time  14400 To_time  18000 At_height  2500. VELOCITY-Z
rec   145 From_time  14400 To_time  18000 At_height  5000. VELOCITY-Z
rec   146 From_time  14400 To_time  18000 At_height 10000. VELOCITY-Z
rec   147 From_time  14400 To_time  18000 At_height   100. TEMPERATURE
rec   148 From_time  14400 To_time  18000 At_height   250. TEMPERATURE
rec   149 From_time  14400 To_time  18000 At_height   500. TEMPERATURE
rec   150 From_time  14400 To_time  18000 At_height  1000. TEMPERATURE
rec   151 From_time  14400 To_time  18000 At_height  2500. TEMPERATURE
rec   152 From_time  14400 To_time  18000 At_height  5000. TEMPERATURE
rec   153 From_time  14400 To_time  18000 At_height 10000. TEMPERATURE
rec   154 From_time  14400 To_time  18000 At_height   100. CONVECTIVE-VELOCITY-SCALE
rec   155 From_time  14400 To_time  18000 At_height   100. MIXING-HEIGHT
rec   156 From_time  14400 To_time  18000 At_height   100. MONIN-OBUKHOV-LENGTH
